[E 260421 11:11:27 smartWebSocketV2:212] Error occurred during subscribe: Connection is already closed.
[E 260421 11:12:51 smartWebSocketV2:212] Error occurred during subscribe: Connection is already closed.
[E 260421 11:13:00 smartWebSocketV2:212] Error occurred during subscribe: Connection is already closed.
[E 260421 11:13:13 smartWebSocketV2:212] Error occurred during subscribe: Connection is already closed.
[E 260421 11:13:24 smartWebSocketV2:212] Error occurred during subscribe: Connection is already closed.
[I 260421 11:16:26 smartConnect:496] Search successful. Found 6 trading symbols for the given query:
    1. exchange: NSE, tradingsymbol: RELIANCE-AF, symboltoken: 11139
    2. exchange: NSE, tradingsymbol: RELIANCE-BE, symboltoken: 4615
    3. exchange: NSE, tradingsymbol: RELIANCE-BL, symboltoken: 12713
    4. exchange: NSE, tradingsymbol: RELIANCE-EQ, symboltoken: 2885
    5. exchange: NSE, tradingsymbol: RELIANCE-IQ, symboltoken: 28389
    6. exchange: NSE, tradingsymbol: RELIANCE-RL, symboltoken: 16328
[I 260421 11:16:27 smartConnect:496] Search successful. Found 7 trading symbols for the given query:
    1. exchange: NSE, tradingsymbol: INFY-AF, symboltoken: 11113
    2. exchange: NSE, tradingsymbol: INFY-BB, symboltoken: 535
    3. exchange: NSE, tradingsymbol: INFY-BE, symboltoken: 4655
    4. exchange: NSE, tradingsymbol: INFY-BL, symboltoken: 12486
    5. exchange: NSE, tradingsymbol: INFY-EQ, symboltoken: 1594
    6. exchange: NSE, tradingsymbol: INFY-IQ, symboltoken: 27931
    7. exchange: NSE, tradingsymbol: INFY-RL, symboltoken: 15937
[I 260421 11:16:28 smartConnect:496] Search successful. Found 6 trading symbols for the given query:
    1. exchange: NSE, tradingsymbol: HDFCBANK-AF, symboltoken: 11107
    2. exchange: NSE, tradingsymbol: HDFCBANK-BE, symboltoken: 4813
    3. exchange: NSE, tradingsymbol: HDFCBANK-BL, symboltoken: 12431
    4. exchange: NSE, tradingsymbol: HDFCBANK-EQ, symboltoken: 1333
    5. exchange: NSE, tradingsymbol: HDFCBANK-IQ, symboltoken: 27835
    6. exchange: NSE, tradingsymbol: HDFCBANK-RL, symboltoken: 15854
[I 260421 11:16:30 smartConnect:496] Search successful. Found 6 trading symbols for the given query:
    1. exchange: NSE, tradingsymbol: ADANIENT-AF, symboltoken: 8312
    2. exchange: NSE, tradingsymbol: ADANIENT-BE, symboltoken: 6788
    3. exchange: NSE, tradingsymbol: ADANIENT-BL, symboltoken: 12184
    4. exchange: NSE, tradingsymbol: ADANIENT-EQ, symboltoken: 25
    5. exchange: NSE, tradingsymbol: ADANIENT-IQ, symboltoken: 27357
    6. exchange: NSE, tradingsymbol: ADANIENT-RL, symboltoken: 15436
[I 260421 11:16:38 smartConnect:496] Search successful. Found 6 trading symbols for the given query:
    1. exchange: NSE, tradingsymbol: ICICIBANK-AF, symboltoken: 11111
    2. exchange: NSE, tradingsymbol: ICICIBANK-BE, symboltoken: 4967
    3. exchange: NSE, tradingsymbol: ICICIBANK-BL, symboltoken: 12458
    4. exchange: NSE, tradingsymbol: ICICIBANK-EQ, symboltoken: 4963
    5. exchange: NSE, tradingsymbol: ICICIBANK-IQ, symboltoken: 27885
    6. exchange: NSE, tradingsymbol: ICICIBANK-RL, symboltoken: 15897
[I 260421 11:16:39 smartConnect:496] Search successful. Found 14 trading symbols for the given query:
    1. exchange: NSE, tradingsymbol: SBIN-AF, symboltoken: 11128
    2. exchange: NSE, tradingsymbol: SBIN-BE, symboltoken: 4884
    3. exchange: NSE, tradingsymbol: SBIN-BL, symboltoken: 12740
    4. exchange: NSE, tradingsymbol: SBIN-EQ, symboltoken: 3045
    5. exchange: NSE, tradingsymbol: SBIN-IQ, symboltoken: 28450
    6. exchange: NSE, tradingsymbol: SBIN-RL, symboltoken: 16382
    7. exchange: NSE, tradingsymbol: SBIN-U3, symboltoken: 22351
    8. exchange: NSE, tradingsymbol: SBIN-U4, symboltoken: 22353
    9. exchange: NSE, tradingsymbol: SBINEQWETF-BL, symboltoken: 24526
    10. exchange: NSE, tradingsymbol: SBINEQWETF-EQ, symboltoken: 24524
    11. exchange: NSE, tradingsymbol: SBINEQWETF-RL, symboltoken: 24525
    12. exchange: NSE, tradingsymbol: SBINMID150-BL, symboltoken: 761743
    13. exchange: NSE, tradingsymbol: SBINMID150-EQ, symboltoken: 761741
    14. exchange: NSE, tradingsymbol: SBINMID150-RL, symboltoken: 761742
[I 260421 11:16:40 smartConnect:496] Search successful. Found 6 trading symbols for the given query:
    1. exchange: NSE, tradingsymbol: BAJFINANCE-AF, symboltoken: 11092
    2. exchange: NSE, tradingsymbol: BAJFINANCE-BE, symboltoken: 6008
    3. exchange: NSE, tradingsymbol: BAJFINANCE-BL, symboltoken: 12236
    4. exchange: NSE, tradingsymbol: BAJFINANCE-EQ, symboltoken: 317
    5. exchange: NSE, tradingsymbol: BAJFINANCE-IQ, symboltoken: 27472
    6. exchange: NSE, tradingsymbol: BAJFINANCE-RL, symboltoken: 15531
[I 260421 11:16:41 smartConnect:496] Search successful. Found 6 trading symbols for the given query:
    1. exchange: NSE, tradingsymbol: KOTAKBANK-AF, symboltoken: 11116
    2. exchange: NSE, tradingsymbol: KOTAKBANK-BE, symboltoken: 5669
    3. exchange: NSE, tradingsymbol: KOTAKBANK-BL, symboltoken: 12546
    4. exchange: NSE, tradingsymbol: KOTAKBANK-EQ, symboltoken: 1922
    5. exchange: NSE, tradingsymbol: KOTAKBANK-IQ, symboltoken: 28054
    6. exchange: NSE, tradingsymbol: KOTAKBANK-RL, symboltoken: 16037
[I 260421 11:22:36 smartConnect:496] Search successful. Found 6 trading symbols for the given query:
    1. exchange: NSE, tradingsymbol: RELIANCE-AF, symboltoken: 11139
    2. exchange: NSE, tradingsymbol: RELIANCE-BE, symboltoken: 4615
    3. exchange: NSE, tradingsymbol: RELIANCE-BL, symboltoken: 12713
    4. exchange: NSE, tradingsymbol: RELIANCE-EQ, symboltoken: 2885
    5. exchange: NSE, tradingsymbol: RELIANCE-IQ, symboltoken: 28389
    6. exchange: NSE, tradingsymbol: RELIANCE-RL, symboltoken: 16328
[I 260421 11:22:37 smartConnect:496] Search successful. Found 6 trading symbols for the given query:
    1. exchange: NSE, tradingsymbol: HDFCBANK-AF, symboltoken: 11107
    2. exchange: NSE, tradingsymbol: HDFCBANK-BE, symboltoken: 4813
    3. exchange: NSE, tradingsymbol: HDFCBANK-BL, symboltoken: 12431
    4. exchange: NSE, tradingsymbol: HDFCBANK-EQ, symboltoken: 1333
    5. exchange: NSE, tradingsymbol: HDFCBANK-IQ, symboltoken: 27835
    6. exchange: NSE, tradingsymbol: HDFCBANK-RL, symboltoken: 15854
[I 260421 11:22:39 smartConnect:496] Search successful. Found 14 trading symbols for the given query:
    1. exchange: NSE, tradingsymbol: SBIN-AF, symboltoken: 11128
    2. exchange: NSE, tradingsymbol: SBIN-BE, symboltoken: 4884
    3. exchange: NSE, tradingsymbol: SBIN-BL, symboltoken: 12740
    4. exchange: NSE, tradingsymbol: SBIN-EQ, symboltoken: 3045
    5. exchange: NSE, tradingsymbol: SBIN-IQ, symboltoken: 28450
    6. exchange: NSE, tradingsymbol: SBIN-RL, symboltoken: 16382
    7. exchange: NSE, tradingsymbol: SBIN-U3, symboltoken: 22351
    8. exchange: NSE, tradingsymbol: SBIN-U4, symboltoken: 22353
    9. exchange: NSE, tradingsymbol: SBINEQWETF-BL, symboltoken: 24526
    10. exchange: NSE, tradingsymbol: SBINEQWETF-EQ, symboltoken: 24524
    11. exchange: NSE, tradingsymbol: SBINEQWETF-RL, symboltoken: 24525
    12. exchange: NSE, tradingsymbol: SBINMID150-BL, symboltoken: 761743
    13. exchange: NSE, tradingsymbol: SBINMID150-EQ, symboltoken: 761741
    14. exchange: NSE, tradingsymbol: SBINMID150-RL, symboltoken: 761742
[I 260421 11:22:40 smartConnect:496] Search successful. Found 7 trading symbols for the given query:
    1. exchange: NSE, tradingsymbol: WIPRO-AF, symboltoken: 11136
    2. exchange: NSE, tradingsymbol: WIPRO-BB, symboltoken: 17294
    3. exchange: NSE, tradingsymbol: WIPRO-BE, symboltoken: 4933
    4. exchange: NSE, tradingsymbol: WIPRO-BL, symboltoken: 12895
    5. exchange: NSE, tradingsymbol: WIPRO-EQ, symboltoken: 3787
    6. exchange: NSE, tradingsymbol: WIPRO-IQ, symboltoken: 28754
    7. exchange: NSE, tradingsymbol: WIPRO-RL, symboltoken: 16616
[I 260421 11:23:18 smartConnect:496] Search successful. Found 6 trading symbols for the given query:
    1. exchange: NSE, tradingsymbol: ADANIENT-AF, symboltoken: 8312
    2. exchange: NSE, tradingsymbol: ADANIENT-BE, symboltoken: 6788
    3. exchange: NSE, tradingsymbol: ADANIENT-BL, symboltoken: 12184
    4. exchange: NSE, tradingsymbol: ADANIENT-EQ, symboltoken: 25
    5. exchange: NSE, tradingsymbol: ADANIENT-IQ, symboltoken: 27357
    6. exchange: NSE, tradingsymbol: ADANIENT-RL, symboltoken: 15436
[I 260421 11:25:29 smartConnect:496] Search successful. Found 6 trading symbols for the given query:
    1. exchange: NSE, tradingsymbol: ADANIPORTS-AF, symboltoken: 11087
    2. exchange: NSE, tradingsymbol: ADANIPORTS-BE, symboltoken: 15087
    3. exchange: NSE, tradingsymbol: ADANIPORTS-BL, symboltoken: 15086
    4. exchange: NSE, tradingsymbol: ADANIPORTS-EQ, symboltoken: 15083
    5. exchange: NSE, tradingsymbol: ADANIPORTS-IQ, symboltoken: 27358
    6. exchange: NSE, tradingsymbol: ADANIPORTS-RL, symboltoken: 16151
[I 260421 11:28:22 smartConnect:496] Search successful. Found 7 trading symbols for the given query:
    1. exchange: NSE, tradingsymbol: WIPRO-AF, symboltoken: 11136
    2. exchange: NSE, tradingsymbol: WIPRO-BB, symboltoken: 17294
    3. exchange: NSE, tradingsymbol: WIPRO-BE, symboltoken: 4933
    4. exchange: NSE, tradingsymbol: WIPRO-BL, symboltoken: 12895
    5. exchange: NSE, tradingsymbol: WIPRO-EQ, symboltoken: 3787
    6. exchange: NSE, tradingsymbol: WIPRO-IQ, symboltoken: 28754
    7. exchange: NSE, tradingsymbol: WIPRO-RL, symboltoken: 16616
[I 260421 11:28:23 smartConnect:124] in pool
[E 260421 11:39:40 smartConnect:246] Error occurred while making a POST request to https://apiconnect.angelone.in/rest/secure/angelbroking/order/v1/getLtpData. Error: Invalid symboltoken. URL: https://apiconnect.angelone.in/rest/secure/angelbroking/order/v1/getLtpData, Headers: {'Content-type': 'application/json', 'X-ClientLocalIP': '127.0.0.1', 'X-ClientPublicIP': '106.193.147.98', 'X-MACAddress': 'ae:5f:3e:44:42:eb', 'Accept': 'application/json', 'X-PrivateKey': 'xErD4AFc', 'X-UserType': 'USER', 'X-SourceID': 'WEB'}, Request: {'exchange': 'NSE', 'tradingsymbol': 'NIFTY1-BL', 'symboltoken': '18103'}, Response: {'message': 'Invalid symboltoken', 'errorcode': 'AB4006', 'status': False, 'data': None}
[E 260421 11:45:02 smartConnect:246] Error occurred while making a POST request to https://apiconnect.angelone.in/rest/secure/angelbroking/order/v1/getLtpData. Error: Invalid symboltoken. URL: https://apiconnect.angelone.in/rest/secure/angelbroking/order/v1/getLtpData, Headers: {'Content-type': 'application/json', 'X-ClientLocalIP': '127.0.0.1', 'X-ClientPublicIP': '106.193.147.98', 'X-MACAddress': 'ae:5f:3e:44:42:eb', 'Accept': 'application/json', 'X-PrivateKey': 'xErD4AFc', 'X-UserType': 'USER', 'X-SourceID': 'WEB'}, Request: {'exchange': 'NSE', 'tradingsymbol': 'NIFTY1-BL', 'symboltoken': '18103'}, Response: {'message': 'Invalid symboltoken', 'errorcode': 'AB4006', 'status': False, 'data': None}
[E 260421 11:45:04 smartConnect:246] Error occurred while making a POST request to https://apiconnect.angelone.in/rest/secure/angelbroking/order/v1/getLtpData. Error: Invalid symboltoken. URL: https://apiconnect.angelone.in/rest/secure/angelbroking/order/v1/getLtpData, Headers: {'Content-type': 'application/json', 'X-ClientLocalIP': '127.0.0.1', 'X-ClientPublicIP': '106.193.147.98', 'X-MACAddress': 'ae:5f:3e:44:42:eb', 'Accept': 'application/json', 'X-PrivateKey': 'xErD4AFc', 'X-UserType': 'USER', 'X-SourceID': 'WEB'}, Request: {'exchange': 'NSE', 'tradingsymbol': 'NIFTY1-BL', 'symboltoken': '18103'}, Response: {'message': 'Invalid symboltoken', 'errorcode': 'AB4006', 'status': False, 'data': None}
[E 260421 11:45:05 smartConnect:246] Error occurred while making a POST request to https://apiconnect.angelone.in/rest/secure/angelbroking/order/v1/getLtpData. Error: Invalid symboltoken. URL: https://apiconnect.angelone.in/rest/secure/angelbroking/order/v1/getLtpData, Headers: {'Content-type': 'application/json', 'X-ClientLocalIP': '127.0.0.1', 'X-ClientPublicIP': '106.193.147.98', 'X-MACAddress': 'ae:5f:3e:44:42:eb', 'Accept': 'application/json', 'X-PrivateKey': 'xErD4AFc', 'X-UserType': 'USER', 'X-SourceID': 'WEB'}, Request: {'exchange': 'NSE', 'tradingsymbol': 'NIFTY1-BL', 'symboltoken': '18103'}, Response: {'message': 'Invalid symboltoken', 'errorcode': 'AB4006', 'status': False, 'data': None}
[E 260421 11:45:06 smartConnect:246] Error occurred while making a POST request to https://apiconnect.angelone.in/rest/secure/angelbroking/order/v1/getLtpData. Error: Invalid symboltoken. URL: https://apiconnect.angelone.in/rest/secure/angelbroking/order/v1/getLtpData, Headers: {'Content-type': 'application/json', 'X-ClientLocalIP': '127.0.0.1', 'X-ClientPublicIP': '106.193.147.98', 'X-MACAddress': 'ae:5f:3e:44:42:eb', 'Accept': 'application/json', 'X-PrivateKey': 'xErD4AFc', 'X-UserType': 'USER', 'X-SourceID': 'WEB'}, Request: {'exchange': 'NSE', 'tradingsymbol': 'NIFTY1-BL', 'symboltoken': '18103'}, Response: {'message': 'Invalid symboltoken', 'errorcode': 'AB4006', 'status': False, 'data': None}
[E 260421 11:45:08 smartConnect:246] Error occurred while making a POST request to https://apiconnect.angelone.in/rest/secure/angelbroking/order/v1/getLtpData. Error: Invalid symboltoken. URL: https://apiconnect.angelone.in/rest/secure/angelbroking/order/v1/getLtpData, Headers: {'Content-type': 'application/json', 'X-ClientLocalIP': '127.0.0.1', 'X-ClientPublicIP': '106.193.147.98', 'X-MACAddress': 'ae:5f:3e:44:42:eb', 'Accept': 'application/json', 'X-PrivateKey': 'xErD4AFc', 'X-UserType': 'USER', 'X-SourceID': 'WEB'}, Request: {'exchange': 'NSE', 'tradingsymbol': 'NIFTY1-BL', 'symboltoken': '18103'}, Response: {'message': 'Invalid symboltoken', 'errorcode': 'AB4006', 'status': False, 'data': None}
[E 260421 11:45:09 smartConnect:246] Error occurred while making a POST request to https://apiconnect.angelone.in/rest/secure/angelbroking/order/v1/getLtpData. Error: Invalid symboltoken. URL: https://apiconnect.angelone.in/rest/secure/angelbroking/order/v1/getLtpData, Headers: {'Content-type': 'application/json', 'X-ClientLocalIP': '127.0.0.1', 'X-ClientPublicIP': '106.193.147.98', 'X-MACAddress': 'ae:5f:3e:44:42:eb', 'Accept': 'application/json', 'X-PrivateKey': 'xErD4AFc', 'X-UserType': 'USER', 'X-SourceID': 'WEB'}, Request: {'exchange': 'NSE', 'tradingsymbol': 'NIFTY1-BL', 'symboltoken': '18103'}, Response: {'message': 'Invalid symboltoken', 'errorcode': 'AB4006', 'status': False, 'data': None}
[E 260421 11:45:11 smartConnect:246] Error occurred while making a POST request to https://apiconnect.angelone.in/rest/secure/angelbroking/order/v1/getLtpData. Error: Invalid symboltoken. URL: https://apiconnect.angelone.in/rest/secure/angelbroking/order/v1/getLtpData, Headers: {'Content-type': 'application/json', 'X-ClientLocalIP': '127.0.0.1', 'X-ClientPublicIP': '106.193.147.98', 'X-MACAddress': 'ae:5f:3e:44:42:eb', 'Accept': 'application/json', 'X-PrivateKey': 'xErD4AFc', 'X-UserType': 'USER', 'X-SourceID': 'WEB'}, Request: {'exchange': 'NSE', 'tradingsymbol': 'NIFTY1-BL', 'symboltoken': '18103'}, Response: {'message': 'Invalid symboltoken', 'errorcode': 'AB4006', 'status': False, 'data': None}
[E 260421 11:45:12 smartConnect:246] Error occurred while making a POST request to https://apiconnect.angelone.in/rest/secure/angelbroking/order/v1/getLtpData. Error: Invalid symboltoken. URL: https://apiconnect.angelone.in/rest/secure/angelbroking/order/v1/getLtpData, Headers: {'Content-type': 'application/json', 'X-ClientLocalIP': '127.0.0.1', 'X-ClientPublicIP': '106.193.147.98', 'X-MACAddress': 'ae:5f:3e:44:42:eb', 'Accept': 'application/json', 'X-PrivateKey': 'xErD4AFc', 'X-UserType': 'USER', 'X-SourceID': 'WEB'}, Request: {'exchange': 'NSE', 'tradingsymbol': 'NIFTY1-BL', 'symboltoken': '18103'}, Response: {'message': 'Invalid symboltoken', 'errorcode': 'AB4006', 'status': False, 'data': None}
